=== allCleanBuild_cuda.sh 2026-06-10T02:46:40-04:00 action=clean CUDA_SOURCE_PROFILE=0 CUDA_PTXAS_VERBOSE=0 CUDA_ARCH=default CUDA_DUMP_CUBIN=0 ===
=== clean (native) ===
>>> make clean
rm -f *.o sympic
>>> make -C c_ clean
make: Entering directory '/home/xiasy/codes/symPIC/git_sl_mapu/sympic-mapu/c_'
rm -f *.o
make: Leaving directory '/home/xiasy/codes/symPIC/git_sl_mapu/sympic-mapu/c_'
>>> make -C openmp_ clean
make: Entering directory '/home/xiasy/codes/symPIC/git_sl_mapu/sympic-mapu/openmp_'
rm -f *.o
make: Leaving directory '/home/xiasy/codes/symPIC/git_sl_mapu/sympic-mapu/openmp_'
>>> make -C cuda_ clean
make: Entering directory '/home/xiasy/codes/symPIC/git_sl_mapu/sympic-mapu/cuda_'
rm -f *.o
make: Leaving directory '/home/xiasy/codes/symPIC/git_sl_mapu/sympic-mapu/cuda_'
>>> make -C smallmpi clean
make: Entering directory '/home/xiasy/codes/symPIC/git_sl_mapu/sympic-mapu/smallmpi'
rm -f small_mpi.o libsmallmpi.a
make: Leaving directory '/home/xiasy/codes/symPIC/git_sl_mapu/sympic-mapu/smallmpi'
>>> make -C cgapsio clean
make: Entering directory '/home/xiasy/codes/symPIC/git_sl_mapu/sympic-mapu/cgapsio'
rm libcgapsio.a cgapsio.o
make: Leaving directory '/home/xiasy/codes/symPIC/git_sl_mapu/sympic-mapu/cgapsio'
